// Jest Snapshot v1, https://goo.gl/fbAQLP

exports[`SwaggerPage matches snapshot 1`] = `ShallowWrapper {}`;
