// Jest Snapshot v1, https://goo.gl/fbAQLP

exports[`TopBarLogo matches snapshot 1`] = `ShallowWrapper {}`;
