// Jest Snapshot v1, https://goo.gl/fbAQLP

exports[`TopBar matches snapshot 1`] = `ShallowWrapper {}`;
